[Mufafa98_Arch_Laptop@]$ dd if=/dev/zero of=di_2G.img bs=1M count=2048
2048+0 records in
2048+0 records out
2147483648 bytes (2.1 GB, 2.0 GiB) copied, 0.625807 s, 3.4 GB/s
[Mufafa98_Arch_Laptop@]$ parted di_2G.img 
WARNING: You are not superuser.  Watch out for permissions.
GNU Parted 3.6
Using /home/Mufafa98_Arch_Laptop/Documents/GitHub/FerrumOS/di_2G.img
Welcome to GNU Parted! Type 'help' to view a list of commands.
(parted) mklabel gpt                                                      
(parted) mkpart primary ext2 1MiB 100%                                    
(parted) quit                                                             
[Mufafa98_Arch_Laptop@]$ sudo losetup -Pf --show disk_image.img
[sudo] password for Mufafa98_Arch_Laptop: 
/dev/loop0
[Mufafa98_Arch_Laptop@]$ lsblk
NAME        MAJ:MIN RM   SIZE RO TYPE MOUNTPOINTS
loop0         7:0    0    10G  0 loop 
nvme0n1     259:0    0 476.9G  0 disk 
├─nvme0n1p1 259:1    0   100M  0 part 
├─nvme0n1p2 259:2    0    16M  0 part 
├─nvme0n1p3 259:3    0 237.5G  0 part 
├─nvme0n1p4 259:4    0   876M  0 part 
├─nvme0n1p5 259:5    0   100G  0 part /
├─nvme0n1p6 259:6    0   130G  0 part /home
└─nvme0n1p7 259:7    0   8.5G  0 part [SWAP]
[Mufafa98_Arch_Laptop@]$ sudo losetup -Pf --show di_2G.img
[sudo] password for Mufafa98_Arch_Laptop: 
/dev/loop1
[Mufafa98_Arch_Laptop@]$ lsblk
NAME        MAJ:MIN RM   SIZE RO TYPE MOUNTPOINTS
loop0         7:0    0    10G  0 loop 
loop1         7:1    0     2G  0 loop 
└─loop1p1   259:8    0     2G  0 part 
nvme0n1     259:0    0 476.9G  0 disk 
├─nvme0n1p1 259:1    0   100M  0 part 
├─nvme0n1p2 259:2    0    16M  0 part 
├─nvme0n1p3 259:3    0 237.5G  0 part 
├─nvme0n1p4 259:4    0   876M  0 part 
├─nvme0n1p5 259:5    0   100G  0 part /
├─nvme0n1p6 259:6    0   130G  0 part /home
└─nvme0n1p7 259:7    0   8.5G  0 part [SWAP]
[Mufafa98_Arch_Laptop@]$ sudo mkfs.ext2 /dev/loop1
[sudo] password for Mufafa98_Arch_Laptop: 
mke2fs 1.47.2 (1-Jan-2025)
Discarding device blocks: done                            
Creating filesystem with 523776 4k blocks and 131072 inodes
Filesystem UUID: 73ac6c99-9cde-4ef6-92d9-59564ca99ba2
Superblock backups stored on blocks: 
        32768, 98304, 163840, 229376, 294912

Allocating group tables: done                            
Writing inode tables: done                            
Writing superblocks and filesystem accounting information: done 

[Mufafa98_Arch_Laptop@]$ sudo losetup -d /dev/loop1